Archive member included because of file (symbol)

c:/program files/gnu tools arm embedded/4.9 2015q1/bin/../lib/gcc/arm-none-eabi/4.9.3/../../../../arm-none-eabi/lib/armv7e-m\libc.a(lib_a-exit.o)
                              c:/program files/gnu tools arm embedded/4.9 2015q1/bin/../lib/gcc/arm-none-eabi/4.9.3/../../../../arm-none-eabi/lib/armv7e-m/crt0.o (exit)
c:/program files/gnu tools arm embedded/4.9 2015q1/bin/../lib/gcc/arm-none-eabi/4.9.3/../../../../arm-none-eabi/lib/armv7e-m\libc.a(lib_a-impure.o)
                              c:/program files/gnu tools arm embedded/4.9 2015q1/bin/../lib/gcc/arm-none-eabi/4.9.3/../../../../arm-none-eabi/lib/armv7e-m\libc.a(lib_a-exit.o) (_global_impure_ptr)
c:/program files/gnu tools arm embedded/4.9 2015q1/bin/../lib/gcc/arm-none-eabi/4.9.3/../../../../arm-none-eabi/lib/armv7e-m\libc.a(lib_a-init.o)
                              c:/program files/gnu tools arm embedded/4.9 2015q1/bin/../lib/gcc/arm-none-eabi/4.9.3/../../../../arm-none-eabi/lib/armv7e-m/crt0.o (__libc_init_array)
c:/program files/gnu tools arm embedded/4.9 2015q1/bin/../lib/gcc/arm-none-eabi/4.9.3/../../../../arm-none-eabi/lib/armv7e-m\libc.a(lib_a-memset.o)
                              c:/program files/gnu tools arm embedded/4.9 2015q1/bin/../lib/gcc/arm-none-eabi/4.9.3/../../../../arm-none-eabi/lib/armv7e-m/crt0.o (memset)
c:/program files/gnu tools arm embedded/4.9 2015q1/bin/../lib/gcc/arm-none-eabi/4.9.3/../../../../arm-none-eabi/lib/armv7e-m\libc.a(lib_a-__call_atexit.o)
                              c:/program files/gnu tools arm embedded/4.9 2015q1/bin/../lib/gcc/arm-none-eabi/4.9.3/../../../../arm-none-eabi/lib/armv7e-m\libc.a(lib_a-exit.o) (__call_exitprocs)
c:/program files/gnu tools arm embedded/4.9 2015q1/bin/../lib/gcc/arm-none-eabi/4.9.3/../../../../arm-none-eabi/lib/armv7e-m\libc.a(lib_a-atexit.o)
                              c:/program files/gnu tools arm embedded/4.9 2015q1/bin/../lib/gcc/arm-none-eabi/4.9.3/../../../../arm-none-eabi/lib/armv7e-m\libc.a(lib_a-__call_atexit.o) (atexit)
c:/program files/gnu tools arm embedded/4.9 2015q1/bin/../lib/gcc/arm-none-eabi/4.9.3/../../../../arm-none-eabi/lib/armv7e-m\libc.a(lib_a-fini.o)
                              c:/program files/gnu tools arm embedded/4.9 2015q1/bin/../lib/gcc/arm-none-eabi/4.9.3/../../../../arm-none-eabi/lib/armv7e-m\libc.a(lib_a-__call_atexit.o) (__libc_fini_array)
c:/program files/gnu tools arm embedded/4.9 2015q1/bin/../lib/gcc/arm-none-eabi/4.9.3/../../../../arm-none-eabi/lib/armv7e-m\libc.a(lib_a-__atexit.o)
                              c:/program files/gnu tools arm embedded/4.9 2015q1/bin/../lib/gcc/arm-none-eabi/4.9.3/../../../../arm-none-eabi/lib/armv7e-m\libc.a(lib_a-atexit.o) (__register_exitproc)

Allocating common symbols
Common symbol       size              file

taskTwoTcb          0x8               ..\obj\Task.o
taskOneTcb          0x8               ..\obj\Task.o
taskTwoStack        0x404             ..\obj\Task.o
mainTcb             0x8               ..\obj\Task.o
taskOneStack        0x404             ..\obj\Task.o

Discarded input sections

 .text          0x00000000        0x0 c:/program files/gnu tools arm embedded/4.9 2015q1/bin/../lib/gcc/arm-none-eabi/4.9.3/armv7e-m/crti.o
 .data          0x00000000        0x0 c:/program files/gnu tools arm embedded/4.9 2015q1/bin/../lib/gcc/arm-none-eabi/4.9.3/armv7e-m/crti.o
 .bss           0x00000000        0x0 c:/program files/gnu tools arm embedded/4.9 2015q1/bin/../lib/gcc/arm-none-eabi/4.9.3/armv7e-m/crti.o
 .data          0x00000000        0x4 c:/program files/gnu tools arm embedded/4.9 2015q1/bin/../lib/gcc/arm-none-eabi/4.9.3/armv7e-m/crtbegin.o
 .text          0x00000000       0x74 c:/program files/gnu tools arm embedded/4.9 2015q1/bin/../lib/gcc/arm-none-eabi/4.9.3/../../../../arm-none-eabi/lib/armv7e-m/crt0.o
 .data          0x00000000        0x0 c:/program files/gnu tools arm embedded/4.9 2015q1/bin/../lib/gcc/arm-none-eabi/4.9.3/../../../../arm-none-eabi/lib/armv7e-m/crt0.o
 .bss           0x00000000        0x0 c:/program files/gnu tools arm embedded/4.9 2015q1/bin/../lib/gcc/arm-none-eabi/4.9.3/../../../../arm-none-eabi/lib/armv7e-m/crt0.o
 .ARM.extab     0x00000000        0x0 c:/program files/gnu tools arm embedded/4.9 2015q1/bin/../lib/gcc/arm-none-eabi/4.9.3/../../../../arm-none-eabi/lib/armv7e-m/crt0.o
 .ARM.exidx     0x00000000        0x8 c:/program files/gnu tools arm embedded/4.9 2015q1/bin/../lib/gcc/arm-none-eabi/4.9.3/../../../../arm-none-eabi/lib/armv7e-m/crt0.o
 .ARM.attributes
                0x00000000       0x1c c:/program files/gnu tools arm embedded/4.9 2015q1/bin/../lib/gcc/arm-none-eabi/4.9.3/../../../../arm-none-eabi/lib/armv7e-m/crt0.o
 .text          0x00000000        0x0 c:/program files/gnu tools arm embedded/4.9 2015q1/bin/../lib/gcc/arm-none-eabi/4.9.3/../../../../arm-none-eabi/lib/armv7e-m\libc.a(lib_a-exit.o)
 .data          0x00000000        0x0 c:/program files/gnu tools arm embedded/4.9 2015q1/bin/../lib/gcc/arm-none-eabi/4.9.3/../../../../arm-none-eabi/lib/armv7e-m\libc.a(lib_a-exit.o)
 .bss           0x00000000        0x0 c:/program files/gnu tools arm embedded/4.9 2015q1/bin/../lib/gcc/arm-none-eabi/4.9.3/../../../../arm-none-eabi/lib/armv7e-m\libc.a(lib_a-exit.o)
 .text.exit     0x00000000       0x20 c:/program files/gnu tools arm embedded/4.9 2015q1/bin/../lib/gcc/arm-none-eabi/4.9.3/../../../../arm-none-eabi/lib/armv7e-m\libc.a(lib_a-exit.o)
 .debug_frame   0x00000000       0x28 c:/program files/gnu tools arm embedded/4.9 2015q1/bin/../lib/gcc/arm-none-eabi/4.9.3/../../../../arm-none-eabi/lib/armv7e-m\libc.a(lib_a-exit.o)
 .ARM.attributes
                0x00000000       0x2e c:/program files/gnu tools arm embedded/4.9 2015q1/bin/../lib/gcc/arm-none-eabi/4.9.3/../../../../arm-none-eabi/lib/armv7e-m\libc.a(lib_a-exit.o)
 .text          0x00000000        0x0 c:/program files/gnu tools arm embedded/4.9 2015q1/bin/../lib/gcc/arm-none-eabi/4.9.3/../../../../arm-none-eabi/lib/armv7e-m\libc.a(lib_a-impure.o)
 .data          0x00000000        0x0 c:/program files/gnu tools arm embedded/4.9 2015q1/bin/../lib/gcc/arm-none-eabi/4.9.3/../../../../arm-none-eabi/lib/armv7e-m\libc.a(lib_a-impure.o)
 .bss           0x00000000        0x0 c:/program files/gnu tools arm embedded/4.9 2015q1/bin/../lib/gcc/arm-none-eabi/4.9.3/../../../../arm-none-eabi/lib/armv7e-m\libc.a(lib_a-impure.o)
 .data._impure_ptr
                0x00000000        0x4 c:/program files/gnu tools arm embedded/4.9 2015q1/bin/../lib/gcc/arm-none-eabi/4.9.3/../../../../arm-none-eabi/lib/armv7e-m\libc.a(lib_a-impure.o)
 .ARM.attributes
                0x00000000       0x2e c:/program files/gnu tools arm embedded/4.9 2015q1/bin/../lib/gcc/arm-none-eabi/4.9.3/../../../../arm-none-eabi/lib/armv7e-m\libc.a(lib_a-impure.o)
 .text          0x00000000        0x0 c:/program files/gnu tools arm embedded/4.9 2015q1/bin/../lib/gcc/arm-none-eabi/4.9.3/../../../../arm-none-eabi/lib/armv7e-m\libc.a(lib_a-init.o)
 .data          0x00000000        0x0 c:/program files/gnu tools arm embedded/4.9 2015q1/bin/../lib/gcc/arm-none-eabi/4.9.3/../../../../arm-none-eabi/lib/armv7e-m\libc.a(lib_a-init.o)
 .bss           0x00000000        0x0 c:/program files/gnu tools arm embedded/4.9 2015q1/bin/../lib/gcc/arm-none-eabi/4.9.3/../../../../arm-none-eabi/lib/armv7e-m\libc.a(lib_a-init.o)
 .debug_frame   0x00000000       0x2c c:/program files/gnu tools arm embedded/4.9 2015q1/bin/../lib/gcc/arm-none-eabi/4.9.3/../../../../arm-none-eabi/lib/armv7e-m\libc.a(lib_a-init.o)
 .ARM.attributes
                0x00000000       0x2e c:/program files/gnu tools arm embedded/4.9 2015q1/bin/../lib/gcc/arm-none-eabi/4.9.3/../../../../arm-none-eabi/lib/armv7e-m\libc.a(lib_a-init.o)
 .text          0x00000000        0x0 c:/program files/gnu tools arm embedded/4.9 2015q1/bin/../lib/gcc/arm-none-eabi/4.9.3/../../../../arm-none-eabi/lib/armv7e-m\libc.a(lib_a-memset.o)
 .data          0x00000000        0x0 c:/program files/gnu tools arm embedded/4.9 2015q1/bin/../lib/gcc/arm-none-eabi/4.9.3/../../../../arm-none-eabi/lib/armv7e-m\libc.a(lib_a-memset.o)
 .bss           0x00000000        0x0 c:/program files/gnu tools arm embedded/4.9 2015q1/bin/../lib/gcc/arm-none-eabi/4.9.3/../../../../arm-none-eabi/lib/armv7e-m\libc.a(lib_a-memset.o)
 .text.memset   0x00000000       0x9c c:/program files/gnu tools arm embedded/4.9 2015q1/bin/../lib/gcc/arm-none-eabi/4.9.3/../../../../arm-none-eabi/lib/armv7e-m\libc.a(lib_a-memset.o)
 .debug_frame   0x00000000       0x34 c:/program files/gnu tools arm embedded/4.9 2015q1/bin/../lib/gcc/arm-none-eabi/4.9.3/../../../../arm-none-eabi/lib/armv7e-m\libc.a(lib_a-memset.o)
 .ARM.attributes
                0x00000000       0x2e c:/program files/gnu tools arm embedded/4.9 2015q1/bin/../lib/gcc/arm-none-eabi/4.9.3/../../../../arm-none-eabi/lib/armv7e-m\libc.a(lib_a-memset.o)
 .text          0x00000000        0x0 c:/program files/gnu tools arm embedded/4.9 2015q1/bin/../lib/gcc/arm-none-eabi/4.9.3/../../../../arm-none-eabi/lib/armv7e-m\libc.a(lib_a-__call_atexit.o)
 .data          0x00000000        0x0 c:/program files/gnu tools arm embedded/4.9 2015q1/bin/../lib/gcc/arm-none-eabi/4.9.3/../../../../arm-none-eabi/lib/armv7e-m\libc.a(lib_a-__call_atexit.o)
 .bss           0x00000000        0x0 c:/program files/gnu tools arm embedded/4.9 2015q1/bin/../lib/gcc/arm-none-eabi/4.9.3/../../../../arm-none-eabi/lib/armv7e-m\libc.a(lib_a-__call_atexit.o)
 .text.__call_exitprocs
                0x00000000       0xd4 c:/program files/gnu tools arm embedded/4.9 2015q1/bin/../lib/gcc/arm-none-eabi/4.9.3/../../../../arm-none-eabi/lib/armv7e-m\libc.a(lib_a-__call_atexit.o)
 .debug_frame   0x00000000       0x50 c:/program files/gnu tools arm embedded/4.9 2015q1/bin/../lib/gcc/arm-none-eabi/4.9.3/../../../../arm-none-eabi/lib/armv7e-m\libc.a(lib_a-__call_atexit.o)
 .ARM.attributes
                0x00000000       0x2e c:/program files/gnu tools arm embedded/4.9 2015q1/bin/../lib/gcc/arm-none-eabi/4.9.3/../../../../arm-none-eabi/lib/armv7e-m\libc.a(lib_a-__call_atexit.o)
 .text          0x00000000        0x0 c:/program files/gnu tools arm embedded/4.9 2015q1/bin/../lib/gcc/arm-none-eabi/4.9.3/../../../../arm-none-eabi/lib/armv7e-m\libc.a(lib_a-atexit.o)
 .data          0x00000000        0x0 c:/program files/gnu tools arm embedded/4.9 2015q1/bin/../lib/gcc/arm-none-eabi/4.9.3/../../../../arm-none-eabi/lib/armv7e-m\libc.a(lib_a-atexit.o)
 .bss           0x00000000        0x0 c:/program files/gnu tools arm embedded/4.9 2015q1/bin/../lib/gcc/arm-none-eabi/4.9.3/../../../../arm-none-eabi/lib/armv7e-m\libc.a(lib_a-atexit.o)
 .debug_frame   0x00000000       0x20 c:/program files/gnu tools arm embedded/4.9 2015q1/bin/../lib/gcc/arm-none-eabi/4.9.3/../../../../arm-none-eabi/lib/armv7e-m\libc.a(lib_a-atexit.o)
 .ARM.attributes
                0x00000000       0x2e c:/program files/gnu tools arm embedded/4.9 2015q1/bin/../lib/gcc/arm-none-eabi/4.9.3/../../../../arm-none-eabi/lib/armv7e-m\libc.a(lib_a-atexit.o)
 .text          0x00000000        0x0 c:/program files/gnu tools arm embedded/4.9 2015q1/bin/../lib/gcc/arm-none-eabi/4.9.3/../../../../arm-none-eabi/lib/armv7e-m\libc.a(lib_a-fini.o)
 .data          0x00000000        0x0 c:/program files/gnu tools arm embedded/4.9 2015q1/bin/../lib/gcc/arm-none-eabi/4.9.3/../../../../arm-none-eabi/lib/armv7e-m\libc.a(lib_a-fini.o)
 .bss           0x00000000        0x0 c:/program files/gnu tools arm embedded/4.9 2015q1/bin/../lib/gcc/arm-none-eabi/4.9.3/../../../../arm-none-eabi/lib/armv7e-m\libc.a(lib_a-fini.o)
 .debug_frame   0x00000000       0x34 c:/program files/gnu tools arm embedded/4.9 2015q1/bin/../lib/gcc/arm-none-eabi/4.9.3/../../../../arm-none-eabi/lib/armv7e-m\libc.a(lib_a-fini.o)
 .ARM.attributes
                0x00000000       0x2e c:/program files/gnu tools arm embedded/4.9 2015q1/bin/../lib/gcc/arm-none-eabi/4.9.3/../../../../arm-none-eabi/lib/armv7e-m\libc.a(lib_a-fini.o)
 .text          0x00000000        0x0 c:/program files/gnu tools arm embedded/4.9 2015q1/bin/../lib/gcc/arm-none-eabi/4.9.3/../../../../arm-none-eabi/lib/armv7e-m\libc.a(lib_a-__atexit.o)
 .data          0x00000000        0x0 c:/program files/gnu tools arm embedded/4.9 2015q1/bin/../lib/gcc/arm-none-eabi/4.9.3/../../../../arm-none-eabi/lib/armv7e-m\libc.a(lib_a-__atexit.o)
 .bss           0x00000000        0x0 c:/program files/gnu tools arm embedded/4.9 2015q1/bin/../lib/gcc/arm-none-eabi/4.9.3/../../../../arm-none-eabi/lib/armv7e-m\libc.a(lib_a-__atexit.o)
 .debug_frame   0x00000000       0x34 c:/program files/gnu tools arm embedded/4.9 2015q1/bin/../lib/gcc/arm-none-eabi/4.9.3/../../../../arm-none-eabi/lib/armv7e-m\libc.a(lib_a-__atexit.o)
 .ARM.attributes
                0x00000000       0x2e c:/program files/gnu tools arm embedded/4.9 2015q1/bin/../lib/gcc/arm-none-eabi/4.9.3/../../../../arm-none-eabi/lib/armv7e-m\libc.a(lib_a-__atexit.o)
 .text          0x00000000        0x0 ..\obj\assembly.o
 .data          0x00000000        0x0 ..\obj\assembly.o
 .bss           0x00000000        0x0 ..\obj\assembly.o
 .text.testFunc
                0x00000000       0x20 ..\obj\assembly.o
 .debug_line    0x00000000       0x83 ..\obj\assembly.o
 .debug_info    0x00000000       0xb9 ..\obj\assembly.o
 .debug_abbrev  0x00000000       0x14 ..\obj\assembly.o
 .debug_aranges
                0x00000000       0x20 ..\obj\assembly.o
 .ARM.attributes
                0x00000000       0x21 ..\obj\assembly.o
 .text          0x00000000       0x60 ..\obj\Task.o
 .data          0x00000000        0x0 ..\obj\Task.o
 .bss           0x00000000        0x0 ..\obj\Task.o
 .rodata        0x00000000       0x24 ..\obj\Task.o
 .debug_info    0x00000000      0x15b ..\obj\Task.o
 .debug_abbrev  0x00000000       0xc7 ..\obj\Task.o
 .debug_aranges
                0x00000000       0x20 ..\obj\Task.o
 .debug_line    0x00000000      0x141 ..\obj\Task.o
 .debug_str     0x00000000      0x1b2 ..\obj\Task.o
 .comment       0x00000000       0x71 ..\obj\Task.o
 .debug_frame   0x00000000       0x50 ..\obj\Task.o
 .ARM.attributes
                0x00000000       0x33 ..\obj\Task.o
 COMMON         0x00000000      0x820 ..\obj\Task.o
 .data          0x00000000        0x0 ..\obj\stm32f4xx_hal_cortex.o
 .bss           0x00000000        0x0 ..\obj\stm32f4xx_hal_cortex.o
 .bss           0x00000000        0x0 ..\obj\system_stm32f4xx.o
 .data          0x00000000        0x0 ..\obj\stm32f4xx_hal.o
 .text          0x00000000        0x0 ..\obj\schedular.o
 .data          0x00000000        0x0 ..\obj\schedular.o
 .bss           0x00000000        0x0 ..\obj\schedular.o
 .data          0x00000000        0x0 ..\obj\stm32f4xx_it.o
 .bss           0x00000000        0x0 ..\obj\stm32f4xx_it.o
 .data          0x00000000        0x0 ..\obj\stm32f4xx_hal_gpio.o
 .bss           0x00000000        0x0 ..\obj\stm32f4xx_hal_gpio.o
 .data          0x00000000        0x0 ..\obj\stm32f4xx_hal_rcc.o
 .bss           0x00000000        0x0 ..\obj\stm32f4xx_hal_rcc.o
 .text          0x00000000       0x14 ..\obj\startup_stm32f429xx.o
 .data          0x00000000        0x0 ..\obj\startup_stm32f429xx.o
 .bss           0x00000000        0x0 ..\obj\startup_stm32f429xx.o
 .data          0x00000000        0x0 ..\obj\main.o
 .bss           0x00000000        0x0 ..\obj\main.o
 .text          0x00000000        0x0 c:/program files/gnu tools arm embedded/4.9 2015q1/bin/../lib/gcc/arm-none-eabi/4.9.3/armv7e-m/crtend.o
 .data          0x00000000        0x0 c:/program files/gnu tools arm embedded/4.9 2015q1/bin/../lib/gcc/arm-none-eabi/4.9.3/armv7e-m/crtend.o
 .bss           0x00000000        0x0 c:/program files/gnu tools arm embedded/4.9 2015q1/bin/../lib/gcc/arm-none-eabi/4.9.3/armv7e-m/crtend.o
 .eh_frame      0x00000000        0x4 c:/program files/gnu tools arm embedded/4.9 2015q1/bin/../lib/gcc/arm-none-eabi/4.9.3/armv7e-m/crtend.o
 .jcr           0x00000000        0x4 c:/program files/gnu tools arm embedded/4.9 2015q1/bin/../lib/gcc/arm-none-eabi/4.9.3/armv7e-m/crtend.o
 .ARM.attributes
                0x00000000       0x2e c:/program files/gnu tools arm embedded/4.9 2015q1/bin/../lib/gcc/arm-none-eabi/4.9.3/armv7e-m/crtend.o
 .text          0x00000000        0x0 c:/program files/gnu tools arm embedded/4.9 2015q1/bin/../lib/gcc/arm-none-eabi/4.9.3/armv7e-m/crtn.o
 .data          0x00000000        0x0 c:/program files/gnu tools arm embedded/4.9 2015q1/bin/../lib/gcc/arm-none-eabi/4.9.3/armv7e-m/crtn.o
 .bss           0x00000000        0x0 c:/program files/gnu tools arm embedded/4.9 2015q1/bin/../lib/gcc/arm-none-eabi/4.9.3/armv7e-m/crtn.o

Memory Configuration

Name             Origin             Length             Attributes
FLASH            0x08000000         0x00100000         xr
RAM              0x20000000         0x00020000         xrw
CCMRAM           0x10000000         0x00010000         rw
*default*        0x00000000         0xffffffff

Linker script and memory map

LOAD c:/program files/gnu tools arm embedded/4.9 2015q1/bin/../lib/gcc/arm-none-eabi/4.9.3/armv7e-m/crti.o
LOAD c:/program files/gnu tools arm embedded/4.9 2015q1/bin/../lib/gcc/arm-none-eabi/4.9.3/armv7e-m/crtbegin.o
LOAD c:/program files/gnu tools arm embedded/4.9 2015q1/bin/../lib/gcc/arm-none-eabi/4.9.3/../../../../arm-none-eabi/lib/armv7e-m/crt0.o
                0x2001ffff                _estack = 0x2001ffff
                0x00000200                _Min_Heap_Size = 0x200
                0x00000400                _Min_Stack_Size = 0x400

.isr_vector     0x08000000      0x1ac
                0x08000000                . = ALIGN (0x4)
 *(.isr_vector)
 .isr_vector    0x08000000      0x1ac ..\obj\startup_stm32f429xx.o
                0x08000000                g_pfnVectors
                0x080001ac                . = ALIGN (0x4)

.text           0x080001ac     0x2c00
                0x080001ac                . = ALIGN (0x4)
 *(.text)
 .text          0x080001ac       0x5c c:/program files/gnu tools arm embedded/4.9 2015q1/bin/../lib/gcc/arm-none-eabi/4.9.3/armv7e-m/crtbegin.o
 .text          0x08000208      0xa3c ..\obj\LED.o
                0x08000208                initControl
                0x08000254                initLED1
                0x080002a0                initLED2
                0x080002ec                initLED3
                0x08000338                initLED4
                0x08000384                updateTime
                0x080003bc                getCurrentTime
                0x080003cc                delay
                0x08000400                blink_LED1
                0x080004dc                blink_LED2
                0x080005c8                blink_LED3
                0x080006d0                blink_LED1_yield
                0x080007bc                blink_LED2_yield
                0x080008b4                blink_LED3_yield
                0x080009c4                blink_4_LEDs
 .text          0x08000c44      0x544 ..\obj\stm32f4xx_hal_cortex.o
                0x08000fd8                HAL_NVIC_SetPriorityGrouping
                0x08000fec                HAL_NVIC_SetPriority
                0x08001024                HAL_NVIC_EnableIRQ
                0x08001040                HAL_NVIC_DisableIRQ
                0x0800105c                HAL_NVIC_SystemReset
                0x08001068                HAL_SYSTICK_Config
                0x08001080                HAL_NVIC_GetPriorityGrouping
                0x08001090                HAL_NVIC_GetPriority
                0x080010c0                HAL_NVIC_SetPendingIRQ
                0x080010dc                HAL_NVIC_GetPendingIRQ
                0x080010fc                HAL_NVIC_ClearPendingIRQ
                0x08001118                HAL_NVIC_GetActive
                0x08001138                HAL_SYSTICK_CLKSourceConfig
                0x08001170                HAL_SYSTICK_IRQHandler
                0x0800117c                HAL_SYSTICK_Callback
 .text          0x08001188      0x154 ..\obj\system_stm32f4xx.o
                0x08001188                SystemInit
                0x080011e4                SystemCoreClockUpdate
 .text          0x080012dc      0x368 ..\obj\stm32f4xx_hal.o
                0x080012dc                HAL_Init
                0x08001314                HAL_DeInit
                0x0800136c                HAL_MspInit
                0x08001378                HAL_MspDeInit
                0x08001384                HAL_InitTick
                0x080013bc                HAL_IncTick
                0x080013d8                HAL_GetTick
                0x080013f0                HAL_Delay
                0x0800141c                HAL_SuspendTick
                0x08001438                HAL_ResumeTick
                0x08001454                HAL_GetHalVersion
                0x08001468                HAL_GetREVID
                0x08001480                HAL_GetDEVID
                0x0800149c                HAL_DBGMCU_EnableDBGSleepMode
                0x080014b8                HAL_DBGMCU_DisableDBGSleepMode
                0x080014d4                HAL_DBGMCU_EnableDBGStopMode
                0x080014f0                HAL_DBGMCU_DisableDBGStopMode
                0x0800150c                HAL_DBGMCU_EnableDBGStandbyMode
                0x08001528                HAL_DBGMCU_DisableDBGStandbyMode
                0x08001544                HAL_EnableCompensationCell
                0x08001584                HAL_DisableCompensationCell
                0x080015c4                HAL_EnableMemorySwappingBank
                0x08001604                HAL_DisableMemorySwappingBank
 .text          0x08001644       0x50 ..\obj\stm32f4xx_it.o
                0x08001644                NMI_Handler
                0x08001650                HardFault_Handler
                0x08001658                MemManage_Handler
                0x08001660                BusFault_Handler
                0x08001668                UsageFault_Handler
                0x08001670                SVC_Handler
                0x0800167c                DebugMon_Handler
                0x08001688                PendSV_Handler
 .text          0x08001694      0x674 ..\obj\stm32f4xx_hal_gpio.o
                0x08001694                HAL_GPIO_Init
                0x080019dc                HAL_GPIO_DeInit
                0x08001bf0                HAL_GPIO_ReadPin
                0x08001c20                HAL_GPIO_WritePin
                0x08001c50                HAL_GPIO_TogglePin
                0x08001c74                HAL_GPIO_LockPin
                0x08001cc4                HAL_GPIO_EXTI_IRQHandler
                0x08001cf4                HAL_GPIO_EXTI_Callback
 .text          0x08001d08      0xd74 ..\obj\stm32f4xx_hal_rcc.o
                0x08001d08                HAL_RCC_DeInit
                0x08001d80                HAL_RCC_OscConfig
                0x08002238                HAL_RCC_ClockConfig
                0x08002554                HAL_RCC_MCOConfig
                0x08002618                HAL_RCC_EnableCSS
                0x08002630                HAL_RCC_DisableCSS
                0x08002648                HAL_RCC_GetSysClockFreq
                0x08002760                HAL_RCC_GetHCLKFreq
                0x080027b8                HAL_RCC_GetPCLK1Freq
                0x08002804                HAL_RCC_GetPCLK2Freq
                0x08002850                HAL_RCC_GetOscConfig
                0x080029ec                HAL_RCC_GetClockConfig
                0x08002a4c                HAL_RCC_NMI_IRQHandler
                0x08002a70                HAL_RCC_CSSCallback
 .text          0x08002a7c      0x118 ..\obj\main.o
                0x08002b14                taskSwitch
                0x08002b30                initSysTick
                0x08002b58                main
 *(.text*)
 .text.__libc_init_array
                0x08002b94       0x50 c:/program files/gnu tools arm embedded/4.9 2015q1/bin/../lib/gcc/arm-none-eabi/4.9.3/../../../../arm-none-eabi/lib/armv7e-m\libc.a(lib_a-init.o)
                0x08002b94                __libc_init_array
 .text.startup.register_fini
                0x08002be4       0x14 c:/program files/gnu tools arm embedded/4.9 2015q1/bin/../lib/gcc/arm-none-eabi/4.9.3/../../../../arm-none-eabi/lib/armv7e-m\libc.a(lib_a-__call_atexit.o)
 .text.atexit   0x08002bf8        0xc c:/program files/gnu tools arm embedded/4.9 2015q1/bin/../lib/gcc/arm-none-eabi/4.9.3/../../../../arm-none-eabi/lib/armv7e-m\libc.a(lib_a-atexit.o)
                0x08002bf8                atexit
 .text.__libc_fini_array
                0x08002c04       0x2c c:/program files/gnu tools arm embedded/4.9 2015q1/bin/../lib/gcc/arm-none-eabi/4.9.3/../../../../arm-none-eabi/lib/armv7e-m\libc.a(lib_a-fini.o)
                0x08002c04                __libc_fini_array
 .text.__register_exitproc
                0x08002c30       0xa4 c:/program files/gnu tools arm embedded/4.9 2015q1/bin/../lib/gcc/arm-none-eabi/4.9.3/../../../../arm-none-eabi/lib/armv7e-m\libc.a(lib_a-__atexit.o)
                0x08002c30                __register_exitproc
 .text.schedular
                0x08002cd4       0x6c ..\obj\schedular.o
                0x08002cd4                schedular
                0x08002d00                SysTick_Handler
 .text.Reset_Handler
                0x08002d40       0x50 ..\obj\startup_stm32f429xx.o
                0x08002d40                Reset_Handler
 .text.Default_Handler
                0x08002d90        0x2 ..\obj\startup_stm32f429xx.o
                0x08002d90                RTC_Alarm_IRQHandler
                0x08002d90                HASH_RNG_IRQHandler
                0x08002d90                EXTI2_IRQHandler
                0x08002d90                TIM8_CC_IRQHandler
                0x08002d90                UART8_IRQHandler
                0x08002d90                SPI4_IRQHandler
                0x08002d90                TIM1_CC_IRQHandler
                0x08002d90                DMA2_Stream5_IRQHandler
                0x08002d90                DMA1_Stream5_IRQHandler
                0x08002d90                PVD_IRQHandler
                0x08002d90                SDIO_IRQHandler
                0x08002d90                TAMP_STAMP_IRQHandler
                0x08002d90                CAN2_RX1_IRQHandler
                0x08002d90                EXTI3_IRQHandler
                0x08002d90                TIM8_TRG_COM_TIM14_IRQHandler
                0x08002d90                TIM1_UP_TIM10_IRQHandler
                0x08002d90                TIM8_UP_TIM13_IRQHandler
                0x08002d90                I2C3_ER_IRQHandler
                0x08002d90                EXTI0_IRQHandler
                0x08002d90                I2C2_EV_IRQHandler
                0x08002d90                DMA1_Stream2_IRQHandler
                0x08002d90                CAN1_RX0_IRQHandler
                0x08002d90                FPU_IRQHandler
                0x08002d90                OTG_HS_WKUP_IRQHandler
                0x08002d90                LTDC_ER_IRQHandler
                0x08002d90                CAN2_SCE_IRQHandler
                0x08002d90                DMA2_Stream2_IRQHandler
                0x08002d90                SPI1_IRQHandler
                0x08002d90                TIM6_DAC_IRQHandler
                0x08002d90                TIM1_BRK_TIM9_IRQHandler
                0x08002d90                DCMI_IRQHandler
                0x08002d90                CAN2_RX0_IRQHandler
                0x08002d90                DMA2_Stream3_IRQHandler
                0x08002d90                USART6_IRQHandler
                0x08002d90                USART3_IRQHandler
                0x08002d90                CAN1_RX1_IRQHandler
                0x08002d90                UART5_IRQHandler
                0x08002d90                DMA2_Stream0_IRQHandler
                0x08002d90                TIM4_IRQHandler
                0x08002d90                I2C1_EV_IRQHandler
                0x08002d90                DMA1_Stream6_IRQHandler
                0x08002d90                DMA1_Stream1_IRQHandler
                0x08002d90                UART4_IRQHandler
                0x08002d90                TIM3_IRQHandler
                0x08002d90                RCC_IRQHandler
                0x08002d90                TIM8_BRK_TIM12_IRQHandler
                0x08002d90                Default_Handler
                0x08002d90                EXTI15_10_IRQHandler
                0x08002d90                ADC_IRQHandler
                0x08002d90                DMA1_Stream7_IRQHandler
                0x08002d90                SPI5_IRQHandler
                0x08002d90                TIM7_IRQHandler
                0x08002d90                CAN2_TX_IRQHandler
                0x08002d90                TIM5_IRQHandler
                0x08002d90                DMA2_Stream7_IRQHandler
                0x08002d90                I2C3_EV_IRQHandler
                0x08002d90                EXTI9_5_IRQHandler
                0x08002d90                RTC_WKUP_IRQHandler
                0x08002d90                LTDC_IRQHandler
                0x08002d90                ETH_WKUP_IRQHandler
                0x08002d90                SPI2_IRQHandler
                0x08002d90                OTG_HS_EP1_IN_IRQHandler
                0x08002d90                DMA1_Stream0_IRQHandler
                0x08002d90                CAN1_TX_IRQHandler
                0x08002d90                EXTI4_IRQHandler
                0x08002d90                ETH_IRQHandler
                0x08002d90                OTG_HS_EP1_OUT_IRQHandler
                0x08002d90                WWDG_IRQHandler
                0x08002d90                SPI6_IRQHandler
                0x08002d90                TIM2_IRQHandler
                0x08002d90                OTG_FS_WKUP_IRQHandler
                0x08002d90                TIM1_TRG_COM_TIM11_IRQHandler
                0x08002d90                OTG_HS_IRQHandler
                0x08002d90                DMA2D_IRQHandler
                0x08002d90                EXTI1_IRQHandler
                0x08002d90                UART7_IRQHandler
                0x08002d90                USART2_IRQHandler
                0x08002d90                I2C2_ER_IRQHandler
                0x08002d90                DMA2_Stream1_IRQHandler
                0x08002d90                CAN1_SCE_IRQHandler
                0x08002d90                FLASH_IRQHandler
                0x08002d90                DMA2_Stream4_IRQHandler
                0x08002d90                USART1_IRQHandler
                0x08002d90                OTG_FS_IRQHandler
                0x08002d90                SPI3_IRQHandler
                0x08002d90                DMA1_Stream4_IRQHandler
                0x08002d90                I2C1_ER_IRQHandler
                0x08002d90                FMC_IRQHandler
                0x08002d90                DMA2_Stream6_IRQHandler
                0x08002d90                SAI1_IRQHandler
                0x08002d90                DMA1_Stream3_IRQHandler
 *(.glue_7)
 .glue_7        0x00000000        0x0 linker stubs
 *(.glue_7t)
 .glue_7t       0x00000000        0x0 linker stubs
 *(.eh_frame)
 *fill*         0x08002d92        0x2 
 .eh_frame      0x08002d94        0x0 c:/program files/gnu tools arm embedded/4.9 2015q1/bin/../lib/gcc/arm-none-eabi/4.9.3/armv7e-m/crtbegin.o
 *(.init)
 .init          0x08002d94        0x4 c:/program files/gnu tools arm embedded/4.9 2015q1/bin/../lib/gcc/arm-none-eabi/4.9.3/armv7e-m/crti.o
                0x08002d94                _init
 .init          0x08002d98        0x8 c:/program files/gnu tools arm embedded/4.9 2015q1/bin/../lib/gcc/arm-none-eabi/4.9.3/armv7e-m/crtn.o
 *(.fini)
 .fini          0x08002da0        0x4 c:/program files/gnu tools arm embedded/4.9 2015q1/bin/../lib/gcc/arm-none-eabi/4.9.3/armv7e-m/crti.o
                0x08002da0                _fini
 .fini          0x08002da4        0x8 c:/program files/gnu tools arm embedded/4.9 2015q1/bin/../lib/gcc/arm-none-eabi/4.9.3/armv7e-m/crtn.o
                0x08002dac                . = ALIGN (0x4)
                0x08002dac                _etext = .

.vfp11_veneer   0x08002dac        0x0
 .vfp11_veneer  0x00000000        0x0 linker stubs

.v4_bx          0x08002dac        0x0
 .v4_bx         0x00000000        0x0 linker stubs

.iplt           0x08002dac        0x0
 .iplt          0x00000000        0x0 c:/program files/gnu tools arm embedded/4.9 2015q1/bin/../lib/gcc/arm-none-eabi/4.9.3/armv7e-m/crtbegin.o

.rodata         0x08002dac       0x18
                0x08002dac                . = ALIGN (0x4)
 *(.rodata)
 .rodata        0x08002dac       0x10 ..\obj\stm32f4xx_hal_rcc.o
                0x08002dac                APBAHBPrescTable
 *(.rodata*)
 .rodata.str1.4
                0x08002dbc        0x4 c:/program files/gnu tools arm embedded/4.9 2015q1/bin/../lib/gcc/arm-none-eabi/4.9.3/../../../../arm-none-eabi/lib/armv7e-m\libc.a(lib_a-impure.o)
 .rodata._global_impure_ptr
                0x08002dc0        0x4 c:/program files/gnu tools arm embedded/4.9 2015q1/bin/../lib/gcc/arm-none-eabi/4.9.3/../../../../arm-none-eabi/lib/armv7e-m\libc.a(lib_a-impure.o)
                0x08002dc0                _global_impure_ptr
                0x08002dc4                . = ALIGN (0x4)

.rel.dyn        0x08002dc4        0x0
 .rel.iplt      0x00000000        0x0 c:/program files/gnu tools arm embedded/4.9 2015q1/bin/../lib/gcc/arm-none-eabi/4.9.3/armv7e-m/crtbegin.o

.ARM.extab
 *(.ARM.extab* .gnu.linkonce.armextab.*)

.ARM            0x08002dc4        0x0
                0x08002dc4                __exidx_start = .
 *(.ARM.exidx*)
                0x08002dc4                __exidx_end = .

.preinit_array  0x08002dc4        0x0
                0x08002dc4                PROVIDE (__preinit_array_start, .)
 *(.preinit_array*)
                0x08002dc4                PROVIDE (__preinit_array_end, .)

.init_array     0x08002dc4        0x8
                0x08002dc4                PROVIDE (__init_array_start, .)
 *(SORT(.init_array.*))
 .init_array.00000
                0x08002dc4        0x4 c:/program files/gnu tools arm embedded/4.9 2015q1/bin/../lib/gcc/arm-none-eabi/4.9.3/../../../../arm-none-eabi/lib/armv7e-m\libc.a(lib_a-__call_atexit.o)
 *(.init_array*)
 .init_array    0x08002dc8        0x4 c:/program files/gnu tools arm embedded/4.9 2015q1/bin/../lib/gcc/arm-none-eabi/4.9.3/armv7e-m/crtbegin.o
                0x08002dcc                PROVIDE (__init_array_end, .)

.fini_array     0x08002dcc        0x4
                0x08002dcc                PROVIDE (__fini_array_start, .)
 *(SORT(.fini_array.*))
 *(.fini_array*)
 .fini_array    0x08002dcc        0x4 c:/program files/gnu tools arm embedded/4.9 2015q1/bin/../lib/gcc/arm-none-eabi/4.9.3/armv7e-m/crtbegin.o
                0x08002dd0                PROVIDE (__fini_array_end, .)
                0x08002dd0                _sidata = LOADADDR (.data)

.data           0x20000000      0x448 load address 0x08002dd0
                0x20000000                . = ALIGN (0x4)
                0x20000000                _sdata = .
 *(.data)
 .data          0x20000000        0x8 ..\obj\LED.o
                0x20000000                FAST_BLINK
 .data          0x20000008       0x14 ..\obj\system_stm32f4xx.o
                0x20000008                SystemCoreClock
                0x2000000c                AHBPrescTable
 *(.data*)
 *fill*         0x2000001c        0x4 
 .data.impure_data
                0x20000020      0x428 c:/program files/gnu tools arm embedded/4.9 2015q1/bin/../lib/gcc/arm-none-eabi/4.9.3/../../../../arm-none-eabi/lib/armv7e-m\libc.a(lib_a-impure.o)
                0x20000448                . = ALIGN (0x4)
                0x20000448                _edata = .
                0x08003218                _siccmram = LOADADDR (.ccmram)

.jcr            0x20000448        0x0 load address 0x08003218
 .jcr           0x20000448        0x0 c:/program files/gnu tools arm embedded/4.9 2015q1/bin/../lib/gcc/arm-none-eabi/4.9.3/armv7e-m/crtbegin.o

.igot.plt       0x20000448        0x0 load address 0x08003218
 .igot.plt      0x00000000        0x0 c:/program files/gnu tools arm embedded/4.9 2015q1/bin/../lib/gcc/arm-none-eabi/4.9.3/armv7e-m/crtbegin.o

.ccmram         0x10000000        0x0 load address 0x08003218
                0x10000000                . = ALIGN (0x4)
                0x10000000                _sccmram = .
 *(.ccmram)
 *(.ccmram*)
                0x10000000                . = ALIGN (0x4)
                0x10000000                _eccmram = .
                0x10000000                . = ALIGN (0x4)

.bss            0x20000448       0x5c
                0x20000448                _sbss = .
                0x20000448                __bss_start__ = _sbss
 *(.bss)
 .bss           0x20000448       0x1c c:/program files/gnu tools arm embedded/4.9 2015q1/bin/../lib/gcc/arm-none-eabi/4.9.3/armv7e-m/crtbegin.o
 .bss           0x20000464       0x3c ..\obj\LED.o
                0x20000464                currentTime
 .bss           0x200004a0        0x4 ..\obj\stm32f4xx_hal.o
 *(.bss*)
 *(COMMON)
                0x200004a4                . = ALIGN (0x4)
                0x200004a4                _ebss = .
                0x200004a4                __bss_end__ = _ebss

._user_heap_stack
                0x200004a4      0x600
                0x200004a4                . = ALIGN (0x4)
                0x200004a4                PROVIDE (end, .)
                0x200004a4                PROVIDE (_end, .)
                0x200006a4                . = (. + _Min_Heap_Size)
 *fill*         0x200004a4      0x200 
                0x20000aa4                . = (. + _Min_Stack_Size)
 *fill*         0x200006a4      0x400 
                0x20000aa4                . = ALIGN (0x4)

/DISCARD/
 libc.a(*)
 libm.a(*)
 libgcc.a(*)

.ARM.attributes
                0x00000000       0x2a
 *(.ARM.attributes)
 .ARM.attributes
                0x00000000       0x1e c:/program files/gnu tools arm embedded/4.9 2015q1/bin/../lib/gcc/arm-none-eabi/4.9.3/armv7e-m/crti.o
 .ARM.attributes
                0x0000001e       0x2e c:/program files/gnu tools arm embedded/4.9 2015q1/bin/../lib/gcc/arm-none-eabi/4.9.3/armv7e-m/crtbegin.o
 .ARM.attributes
                0x0000004c       0x33 ..\obj\LED.o
 .ARM.attributes
                0x0000007f       0x33 ..\obj\stm32f4xx_hal_cortex.o
 .ARM.attributes
                0x000000b2       0x33 ..\obj\system_stm32f4xx.o
 .ARM.attributes
                0x000000e5       0x33 ..\obj\stm32f4xx_hal.o
 .ARM.attributes
                0x00000118       0x21 ..\obj\schedular.o
 .ARM.attributes
                0x00000139       0x33 ..\obj\stm32f4xx_it.o
 .ARM.attributes
                0x0000016c       0x33 ..\obj\stm32f4xx_hal_gpio.o
 .ARM.attributes
                0x0000019f       0x33 ..\obj\stm32f4xx_hal_rcc.o
 .ARM.attributes
                0x000001d2       0x21 ..\obj\startup_stm32f429xx.o
 .ARM.attributes
                0x000001f3       0x33 ..\obj\main.o
 .ARM.attributes
                0x00000226       0x1e c:/program files/gnu tools arm embedded/4.9 2015q1/bin/../lib/gcc/arm-none-eabi/4.9.3/armv7e-m/crtn.o
LOAD ..\obj\assembly.o
LOAD ..\obj\LED.o
LOAD ..\obj\Task.o
LOAD ..\obj\stm32f4xx_hal_cortex.o
LOAD ..\obj\system_stm32f4xx.o
LOAD ..\obj\stm32f4xx_hal.o
LOAD ..\obj\schedular.o
LOAD ..\obj\stm32f4xx_it.o
LOAD ..\obj\stm32f4xx_hal_gpio.o
LOAD ..\obj\stm32f4xx_hal_rcc.o
LOAD ..\obj\startup_stm32f429xx.o
LOAD ..\obj\main.o
START GROUP
LOAD c:/program files/gnu tools arm embedded/4.9 2015q1/bin/../lib/gcc/arm-none-eabi/4.9.3/armv7e-m\libgcc.a
LOAD c:/program files/gnu tools arm embedded/4.9 2015q1/bin/../lib/gcc/arm-none-eabi/4.9.3/../../../../arm-none-eabi/lib/armv7e-m\libg.a
LOAD c:/program files/gnu tools arm embedded/4.9 2015q1/bin/../lib/gcc/arm-none-eabi/4.9.3/../../../../arm-none-eabi/lib/armv7e-m\libc.a
END GROUP
LOAD c:/program files/gnu tools arm embedded/4.9 2015q1/bin/../lib/gcc/arm-none-eabi/4.9.3/armv7e-m/crtend.o
LOAD c:/program files/gnu tools arm embedded/4.9 2015q1/bin/../lib/gcc/arm-none-eabi/4.9.3/armv7e-m/crtn.o
OUTPUT(Test1.elf elf32-littlearm)

.debug_info     0x00000000     0x415a
 .debug_info    0x00000000      0x765 ..\obj\LED.o
 .debug_info    0x00000765      0xbac ..\obj\stm32f4xx_hal_cortex.o
 .debug_info    0x00001311      0x4b4 ..\obj\system_stm32f4xx.o
 .debug_info    0x000017c5      0xa1c ..\obj\stm32f4xx_hal.o
 .debug_info    0x000021e1       0xba ..\obj\schedular.o
 .debug_info    0x0000229b      0x129 ..\obj\stm32f4xx_it.o
 .debug_info    0x000023c4      0x712 ..\obj\stm32f4xx_hal_gpio.o
 .debug_info    0x00002ad6      0xe27 ..\obj\stm32f4xx_hal_rcc.o
 .debug_info    0x000038fd       0xc0 ..\obj\startup_stm32f429xx.o
 .debug_info    0x000039bd      0x79d ..\obj\main.o

.debug_abbrev   0x00000000      0xdbd
 .debug_abbrev  0x00000000      0x1b9 ..\obj\LED.o
 .debug_abbrev  0x000001b9      0x299 ..\obj\stm32f4xx_hal_cortex.o
 .debug_abbrev  0x00000452       0xff ..\obj\system_stm32f4xx.o
 .debug_abbrev  0x00000551      0x1ff ..\obj\stm32f4xx_hal.o
 .debug_abbrev  0x00000750       0x14 ..\obj\schedular.o
 .debug_abbrev  0x00000764       0x67 ..\obj\stm32f4xx_it.o
 .debug_abbrev  0x000007cb      0x1aa ..\obj\stm32f4xx_hal_gpio.o
 .debug_abbrev  0x00000975      0x25a ..\obj\stm32f4xx_hal_rcc.o
 .debug_abbrev  0x00000bcf       0x12 ..\obj\startup_stm32f429xx.o
 .debug_abbrev  0x00000be1      0x1dc ..\obj\main.o

.debug_aranges  0x00000000      0x148
 .debug_aranges
                0x00000000       0x20 ..\obj\LED.o
 .debug_aranges
                0x00000020       0x20 ..\obj\stm32f4xx_hal_cortex.o
 .debug_aranges
                0x00000040       0x20 ..\obj\system_stm32f4xx.o
 .debug_aranges
                0x00000060       0x20 ..\obj\stm32f4xx_hal.o
 .debug_aranges
                0x00000080       0x20 ..\obj\schedular.o
 .debug_aranges
                0x000000a0       0x20 ..\obj\stm32f4xx_it.o
 .debug_aranges
                0x000000c0       0x20 ..\obj\stm32f4xx_hal_gpio.o
 .debug_aranges
                0x000000e0       0x20 ..\obj\stm32f4xx_hal_rcc.o
 .debug_aranges
                0x00000100       0x28 ..\obj\startup_stm32f429xx.o
 .debug_aranges
                0x00000128       0x20 ..\obj\main.o

.debug_line     0x00000000     0x17ff
 .debug_line    0x00000000      0x304 ..\obj\LED.o
 .debug_line    0x00000304      0x2ee ..\obj\stm32f4xx_hal_cortex.o
 .debug_line    0x000005f2      0x17a ..\obj\system_stm32f4xx.o
 .debug_line    0x0000076c      0x2f5 ..\obj\stm32f4xx_hal.o
 .debug_line    0x00000a61       0x9b ..\obj\schedular.o
 .debug_line    0x00000afc      0x16b ..\obj\stm32f4xx_it.o
 .debug_line    0x00000c67      0x3ec ..\obj\stm32f4xx_hal_gpio.o
 .debug_line    0x00001053      0x551 ..\obj\stm32f4xx_hal_rcc.o
 .debug_line    0x000015a4       0xb1 ..\obj\startup_stm32f429xx.o
 .debug_line    0x00001655      0x1aa ..\obj\main.o

.debug_str      0x00000000     0x162f
 .debug_str     0x00000000      0x43a ..\obj\LED.o
                                0x49d (size before relaxing)
 .debug_str     0x0000043a      0x89d ..\obj\stm32f4xx_hal_cortex.o
                                0xb50 (size before relaxing)
 .debug_str     0x00000cd7       0x9c ..\obj\system_stm32f4xx.o
                                0x348 (size before relaxing)
 .debug_str     0x00000d73      0x2fd ..\obj\stm32f4xx_hal.o
                                0xb15 (size before relaxing)
 .debug_str     0x00001070       0xcc ..\obj\stm32f4xx_it.o
                                0x22f (size before relaxing)
 .debug_str     0x0000113c      0x18e ..\obj\stm32f4xx_hal_gpio.o
                                0x514 (size before relaxing)
 .debug_str     0x000012ca      0x2fb ..\obj\stm32f4xx_hal_rcc.o
                                0x6ce (size before relaxing)
 .debug_str     0x000015c5       0x6a ..\obj\main.o
                                0x8a4 (size before relaxing)

.comment        0x00000000       0x70
 .comment       0x00000000       0x70 ..\obj\LED.o
                                 0x71 (size before relaxing)
 .comment       0x00000000       0x71 ..\obj\stm32f4xx_hal_cortex.o
 .comment       0x00000000       0x71 ..\obj\system_stm32f4xx.o
 .comment       0x00000000       0x71 ..\obj\stm32f4xx_hal.o
 .comment       0x00000000       0x71 ..\obj\stm32f4xx_it.o
 .comment       0x00000000       0x71 ..\obj\stm32f4xx_hal_gpio.o
 .comment       0x00000000       0x71 ..\obj\stm32f4xx_hal_rcc.o
 .comment       0x00000000       0x71 ..\obj\main.o

.debug_frame    0x00000000      0xe9c
 .debug_frame   0x00000000      0x20c ..\obj\LED.o
 .debug_frame   0x0000020c      0x428 ..\obj\stm32f4xx_hal_cortex.o
 .debug_frame   0x00000634       0x58 ..\obj\system_stm32f4xx.o
 .debug_frame   0x0000068c      0x310 ..\obj\stm32f4xx_hal.o
 .debug_frame   0x0000099c       0xf0 ..\obj\stm32f4xx_it.o
 .debug_frame   0x00000a8c      0x14c ..\obj\stm32f4xx_hal_gpio.o
 .debug_frame   0x00000bd8      0x204 ..\obj\stm32f4xx_hal_rcc.o
 .debug_frame   0x00000ddc       0xc0 ..\obj\main.o

.debug_ranges   0x00000000       0x20
 .debug_ranges  0x00000000       0x20 ..\obj\startup_stm32f429xx.o
